// Jest Snapshot v1, https://goo.gl/fbAQLP

exports[`Synthesis component should match Synthesis snapshot 1`] = `
<div
  className="synthesis-page"
>
  <div
    className="background-light"
  >
    <Connect(Header)
      imgUrl="http://foo.com/foo"
      title="Foo"
      type="synthesis"
    />
    <Grid
      bsClass="container"
      componentClass="div"
      fluid={true}
    >
      <Row
        bsClass="row"
        componentClass="div"
      >
        <Col
          bsClass="col"
          componentClass="div"
          md={8}
          mdOffset={3}
          sm={10}
          smOffset={1}
        >
          <p>
            yolo
          </p>
        </Col>
      </Row>
      <Row
        bsClass="row"
        className="background-grey synthesis-tree"
        componentClass="div"
      >
        <Col
          bsClass="col"
          className="affix"
          componentClass="div"
          md={3}
          style={
            Object {
              "height": "100%",
              "overflow": "auto",
              "top": "15 %",
            }
          }
        >
          <SideMenu
            descendants={Array []}
            ideaOnScroll={null}
            innerRef={[Function]}
            rootIdeas={
              Array [
                Object {
                  "ancestors": Array [],
                  "id": "barId",
                  "img": Object {
                    "externalUrl": "http://foo.com/bar",
                  },
                  "numContributors": 0,
                  "numPosts": 0,
                  "phaseIdentifier": "paseId",
                  "posts": Object {
                    "edges": Array [],
                  },
                  "synthesisTitle": "Foo",
                  "title": "Bar",
                },
              ]
            }
            show={false}
            synthesisPostId="yop"
          />
        </Col>
        <Col
          bsClass="col"
          componentClass="div"
          md={8}
          mdOffset={3}
          sm={11}
        >
          <IdeaSynthesisTree
            handleScrollForMenu={[Function]}
            hasSiblings={false}
            index={1}
            parents={Array []}
            rootIdea={
              Object {
                "ancestors": Array [],
                "id": "barId",
                "img": Object {
                  "externalUrl": "http://foo.com/bar",
                },
                "numContributors": 0,
                "numPosts": 0,
                "phaseIdentifier": "paseId",
                "posts": Object {
                  "edges": Array [],
                },
                "synthesisTitle": "Foo",
                "title": "Bar",
              }
            }
            slug="slugId"
            subIdeas={Array []}
          />
        </Col>
      </Row>
    </Grid>
  </div>
</div>
`;
