// Jest Snapshot v1, https://goo.gl/fbAQLP

exports[`AnswerForm component should render a answer form 1`] = `
<Row
  bsClass="row"
  componentClass="div"
>
  <Col
    bsClass="col"
    componentClass="div"
    md={12}
    xs={12}
  >
    <div
      className="answer-form-inner"
    >
      <FormGroup
        bsClass="form-group"
      >
        <RichTextEditor
          editorState={
            EditorState {
              "_immutable": Immutable.Record {
                "allowUndo": true,
                "currentContent": Immutable.Record {
                  "entityMap": Object {
                    "__add": [Function],
                    "__create": [Function],
                    "__get": [Function],
                    "__getLastCreatedEntityKey": [Function],
                    "__mergeData": [Function],
                    "__replaceData": [Function],
                    "add": [Function],
                    "create": [Function],
                    "get": [Function],
                    "getLastCreatedEntityKey": [Function],
                    "mergeData": [Function],
                    "replaceData": [Function],
                  },
                  "blockMap": Immutable.OrderedMap {
                    "EditorStateKey": Immutable.Record {
                      "key": "EditorStateKey",
                      "type": "unstyled",
                      "text": "",
                      "characterList": Immutable.List [],
                      "depth": 0,
                      "data": Immutable.Map {},
                    },
                  },
                  "selectionBefore": Immutable.Record {
                    "anchorKey": "EditorStateKey",
                    "anchorOffset": 0,
                    "focusKey": "EditorStateKey",
                    "focusOffset": 0,
                    "isBackward": false,
                    "hasFocus": false,
                  },
                  "selectionAfter": Immutable.Record {
                    "anchorKey": "EditorStateKey",
                    "anchorOffset": 0,
                    "focusKey": "EditorStateKey",
                    "focusOffset": 0,
                    "isBackward": false,
                    "hasFocus": false,
                  },
                },
                "decorator": null,
                "directionMap": Immutable.OrderedMap {
                  "EditorStateKey": "LTR",
                },
                "forceSelection": false,
                "inCompositionMode": false,
                "inlineStyleOverride": null,
                "lastChangeType": null,
                "nativelyRenderedContent": null,
                "redoStack": Immutable.Stack [],
                "selection": Immutable.Record {
                  "anchorKey": "EditorStateKey",
                  "anchorOffset": 0,
                  "focusKey": "EditorStateKey",
                  "focusOffset": 0,
                  "isBackward": false,
                  "hasFocus": false,
                },
                "treeMap": Immutable.OrderedMap {
                  "EditorStateKey": Immutable.List [
                    Immutable.Record {
                      "start": 0,
                      "end": 0,
                      "decoratorKey": null,
                      "leaves": Immutable.List [
                        Immutable.Record {
                          "start": 0,
                          "end": 0,
                        },
                      ],
                    },
                  ],
                },
                "undoStack": Immutable.Stack [],
              },
            }
          }
          handleInputFocus={[Function]}
          onChange={[Function]}
          placeholder="Answer"
          textareaRef={
            [MockFunction] {
              "calls": Array [
                Array [
                  <div
                    class="rich-text-editor"
                  >
                    <div
                      class="editor-header"
                    >
                      <div
                        class="editor-label form-label"
                      >
                        Answer
                      </div>
                      <div
                        class="clear"
                      />
                    </div>
                    <div>
                      <div
                        class="DraftEditor-root"
                      >
                        <div
                          class="DraftEditor-editorContainer"
                        >
                          <div
                            aria-describedby="placeholder-EditorStateKey"
                            class="notranslate public-DraftEditor-content"
                            contenteditable="true"
                            role="textbox"
                            spellcheck="true"
                            style="outline: none; white-space: pre-wrap; word-wrap: break-word;"
                          >
                            <div
                              data-contents="true"
                            >
                              <div
                                class=""
                                data-block="true"
                                data-editor="EditorStateKey"
                                data-offset-key="EditorStateKey-0-0"
                              >
                                <div
                                  class="public-DraftStyleDefault-block public-DraftStyleDefault-ltr"
                                  data-offset-key="EditorStateKey-0-0"
                                >
                                  <span
                                    data-offset-key="EditorStateKey-0-0"
                                  >
                                    <span
                                      data-text="true"
                                    >
                                      Hello
                                    </span>
                                  </span>
                                </div>
                              </div>
                            </div>
                          </div>
                        </div>
                      </div>
                    </div>
                    <div
                      class="editor-toolbar top"
                    >
                      <div
                        class="btn-group"
                      >
                        <button
                          class="btn btn-default"
                          type="button"
                        >
                          <span
                            class="assembl-icon-text-bold"
                            title="Bold"
                          />
                        </button>
                      </div>
                      <div
                        class="btn-group"
                      >
                        <button
                          class="btn btn-default"
                          type="button"
                        >
                          <span
                            class="assembl-icon-text-italics"
                            title="Italic"
                          />
                        </button>
                      </div>
                      <div
                        class="btn-group"
                      >
                        <button
                          class="btn btn-default"
                          type="button"
                        >
                          <span
                            class="assembl-icon-text-bullets"
                            title="Bullet list"
                          />
                        </button>
                      </div>
                      <div
                        class="btn-group"
                      >
                        <button
                          class="btn btn-default"
                          type="button"
                        >
                          <span
                            class="assembl-icon-text-link"
                          />
                        </button>
                      </div>
                      <div
                        class="btn-group"
                      >
                        <button
                          class="btn btn-default"
                          type="button"
                        >
                          <span
                            class="assembl-icon-text-attachment"
                          />
                        </button>
                      </div>
                    </div>
                    
                    <div
                      class="attachments"
                    />
                  </div>,
                ],
                Array [
                  <div
                    class="rich-text-editor"
                  >
                    <div
                      class="editor-header"
                    >
                      <div
                        class="editor-label form-label"
                      >
                        Â 
                      </div>
                      <div
                        class="clear"
                      />
                    </div>
                    <div>
                      <div
                        class="DraftEditor-root"
                      >
                        <div
                          class="public-DraftEditorPlaceholder-root"
                        >
                          <div
                            class="public-DraftEditorPlaceholder-inner"
                            id="placeholder-EditorStateKey"
                            style="white-space: pre-wrap;"
                          >
                            Answer
                          </div>
                        </div>
                        <div
                          class="DraftEditor-editorContainer"
                        >
                          <div
                            aria-describedby="placeholder-EditorStateKey"
                            class="notranslate public-DraftEditor-content"
                            contenteditable="true"
                            role="textbox"
                            spellcheck="true"
                            style="outline: none; white-space: pre-wrap; word-wrap: break-word;"
                          >
                            <div
                              data-contents="true"
                            >
                              <div
                                class=""
                                data-block="true"
                                data-editor="EditorStateKey"
                                data-offset-key="EditorStateKey-0-0"
                              >
                                <div
                                  class="public-DraftStyleDefault-block public-DraftStyleDefault-ltr"
                                  data-offset-key="EditorStateKey-0-0"
                                >
                                  <span
                                    data-offset-key="EditorStateKey-0-0"
                                  >
                                    <br
                                      data-text="true"
                                    />
                                  </span>
                                </div>
                              </div>
                            </div>
                          </div>
                        </div>
                      </div>
                    </div>
                    <div
                      class="editor-toolbar top"
                    >
                      <div
                        class="btn-group"
                      >
                        <button
                          class="btn btn-default"
                          type="button"
                        >
                          <span
                            class="assembl-icon-text-bold"
                            title="Bold"
                          />
                        </button>
                      </div>
                      <div
                        class="btn-group"
                      >
                        <button
                          class="btn btn-default"
                          type="button"
                        >
                          <span
                            class="assembl-icon-text-italics"
                            title="Italic"
                          />
                        </button>
                      </div>
                      <div
                        class="btn-group"
                      >
                        <button
                          class="btn btn-default"
                          type="button"
                        >
                          <span
                            class="assembl-icon-text-bullets"
                            title="Bullet list"
                          />
                        </button>
                      </div>
                      <div
                        class="btn-group"
                      >
                        <button
                          class="btn btn-default"
                          type="button"
                        >
                          <span
                            class="assembl-icon-text-link"
                          />
                        </button>
                      </div>
                      <div
                        class="btn-group"
                      >
                        <button
                          class="btn btn-default"
                          type="button"
                        >
                          <span
                            class="assembl-icon-text-attachment"
                          />
                        </button>
                      </div>
                    </div>
                    
                    <div
                      class="attachments"
                    />
                  </div>,
                ],
              ],
              "results": Array [
                Object {
                  "isThrow": false,
                  "value": undefined,
                },
                Object {
                  "isThrow": false,
                  "value": undefined,
                },
              ],
            }
          }
          toolbarPosition="top"
          withAttachmentButton={true}
          withSideToolbar={false}
        />
        <div
          className="button-container"
        >
          <Button
            active={false}
            block={false}
            bsClass="btn"
            bsStyle="default"
            className="button-cancel button-dark btn btn-default left"
            disabled={false}
            onClick={[Function]}
          >
            <Translate
              value="cancel"
            />
          </Button>
          <Button
            active={false}
            block={false}
            bsClass="btn"
            bsStyle="default"
            className="button-submit button-dark btn btn-default right"
            disabled={false}
            onClick={[Function]}
          >
            <Translate
              value="debate.post"
            />
          </Button>
        </div>
      </FormGroup>
    </div>
  </Col>
</Row>
`;

exports[`AnswerForm component should render a hidden form 1`] = `
<Row
  bsClass="row"
  componentClass="div"
/>
`;
